2025-08-17 09:16:15,227 - web - INFO - Initializing FTMSDeviceManager with use_simulator=False, device_type=bike
2025-08-17 09:16:15,241 - web - INFO - Using real FTMS devices
2025-08-17 09:16:15,241 - web - INFO - Flask application initialized. FTMS manager created.
2025-08-17 09:16:15,241 - web - INFO - Starting background asyncio loop thread...
2025-08-17 09:16:15,242 - web - INFO - Background thread started. Creating new event loop.
2025-08-17 09:16:15,242 - web - INFO - Background asyncio loop thread start initiated.
2025-08-17 09:16:15,252 - web - INFO - Starting background asyncio event loop run_forever.
2025-08-17 09:16:15,994 - web - INFO - Initializing FTMSDeviceManager with use_simulator=False, device_type=bike
2025-08-17 09:16:15,998 - web - INFO - Using real FTMS devices
2025-08-17 09:16:15,998 - web - INFO - Flask application initialized. FTMS manager created.
2025-08-17 09:16:15,998 - web - INFO - Starting background asyncio loop thread...
2025-08-17 09:16:15,998 - web - INFO - Background thread started. Creating new event loop.
2025-08-17 09:16:15,998 - web - INFO - Background asyncio loop thread start initiated.
2025-08-17 09:16:16,009 - web - INFO - Starting background asyncio event loop run_forever.
2025-08-17 09:17:13,558 - web - INFO - Scheduling connect task for C9:02:CB:68:17:C1 with device_type auto on background loop.
2025-08-17 09:17:19,182 - web - INFO - Connect task for C9:02:CB:68:17:C1 (device_type: auto) completed with result: True
2025-08-17 09:18:36,915 - web - INFO - Scheduling disconnect task on the background loop.
2025-08-17 09:18:37,423 - web - INFO - Disconnect task completed with result: True
2025-08-17 09:45:52,518 - web - INFO - Initializing FTMSDeviceManager with use_simulator=False, device_type=bike
2025-08-17 09:45:52,530 - web - INFO - Using real FTMS devices
2025-08-17 09:45:52,530 - web - INFO - Flask application initialized. FTMS manager created.
2025-08-17 09:45:52,533 - web - INFO - Starting background asyncio loop thread...
2025-08-17 09:45:52,534 - web - INFO - Background thread started. Creating new event loop.
2025-08-17 09:45:52,534 - web - INFO - Background asyncio loop thread start initiated.
2025-08-17 09:45:52,551 - web - INFO - Starting background asyncio event loop run_forever.
2025-08-17 09:45:54,080 - web - INFO - Initializing FTMSDeviceManager with use_simulator=False, device_type=bike
2025-08-17 09:45:54,091 - web - INFO - Using real FTMS devices
2025-08-17 09:45:54,092 - web - INFO - Flask application initialized. FTMS manager created.
2025-08-17 09:45:54,092 - web - INFO - Starting background asyncio loop thread...
2025-08-17 09:45:54,092 - web - INFO - Background thread started. Creating new event loop.
2025-08-17 09:45:54,092 - web - INFO - Background asyncio loop thread start initiated.
2025-08-17 09:45:54,109 - web - INFO - Starting background asyncio event loop run_forever.
2025-08-17 09:47:36,382 - web - INFO - Scheduling connect task for C9:02:CB:68:17:C1 with device_type auto on background loop.
2025-08-17 09:47:41,602 - web - INFO - Connect task for C9:02:CB:68:17:C1 (device_type: auto) completed with result: True
2025-08-17 09:48:49,826 - web - INFO - Scheduling disconnect task on the background loop.
2025-08-17 09:48:53,068 - web - INFO - Disconnect task completed with result: True
2025-08-17 10:04:27,948 - web - INFO - Initializing FTMSDeviceManager with use_simulator=False, device_type=bike
2025-08-17 10:04:27,958 - web - INFO - Using real FTMS devices
2025-08-17 10:04:27,958 - web - INFO - Flask application initialized. FTMS manager created.
2025-08-17 10:04:27,958 - web - INFO - Starting background asyncio loop thread...
2025-08-17 10:04:27,958 - web - INFO - Background thread started. Creating new event loop.
2025-08-17 10:04:27,963 - web - INFO - Background asyncio loop thread start initiated.
2025-08-17 10:04:27,981 - web - INFO - Starting background asyncio event loop run_forever.
2025-08-17 10:04:29,210 - web - INFO - Initializing FTMSDeviceManager with use_simulator=False, device_type=bike
2025-08-17 10:04:29,212 - web - INFO - Using real FTMS devices
2025-08-17 10:04:29,212 - web - INFO - Flask application initialized. FTMS manager created.
2025-08-17 10:04:29,212 - web - INFO - Starting background asyncio loop thread...
2025-08-17 10:04:29,212 - web - INFO - Background thread started. Creating new event loop.
2025-08-17 10:04:29,212 - web - INFO - Background asyncio loop thread start initiated.
2025-08-17 10:04:29,234 - web - INFO - Starting background asyncio event loop run_forever.
2025-08-17 10:05:10,649 - web - INFO - Scheduling connect task for C9:02:CB:68:17:C1 with device_type auto on background loop.
2025-08-17 10:05:15,960 - web - INFO - Connect task for C9:02:CB:68:17:C1 (device_type: auto) completed with result: True
2025-08-17 10:21:39,043 - web - INFO - Initializing FTMSDeviceManager with use_simulator=False, device_type=bike
2025-08-17 10:21:39,049 - web - INFO - Using real FTMS devices
2025-08-17 10:21:39,049 - web - INFO - Flask application initialized. FTMS manager created.
2025-08-17 10:21:39,049 - web - INFO - Starting background asyncio loop thread...
2025-08-17 10:21:39,049 - web - INFO - Background thread started. Creating new event loop.
2025-08-17 10:21:39,049 - web - INFO - Background asyncio loop thread start initiated.
2025-08-17 10:21:39,064 - web - INFO - Starting background asyncio event loop run_forever.
2025-08-17 10:21:39,985 - web - INFO - Initializing FTMSDeviceManager with use_simulator=False, device_type=bike
2025-08-17 10:21:39,991 - web - INFO - Using real FTMS devices
2025-08-17 10:21:39,991 - web - INFO - Flask application initialized. FTMS manager created.
2025-08-17 10:21:39,991 - web - INFO - Starting background asyncio loop thread...
2025-08-17 10:21:39,994 - web - INFO - Background thread started. Creating new event loop.
2025-08-17 10:21:39,994 - web - INFO - Background asyncio loop thread start initiated.
2025-08-17 10:21:40,005 - web - INFO - Starting background asyncio event loop run_forever.
2025-08-17 10:22:39,181 - web - INFO - Scheduling connect task for C9:02:CB:68:17:C1 with device_type auto on background loop.
2025-08-17 10:22:48,335 - web - INFO - Connect task for C9:02:CB:68:17:C1 (device_type: auto) completed with result: True
2025-08-17 10:24:15,887 - web - INFO - Scheduling disconnect task on the background loop.
2025-08-17 10:24:19,038 - web - INFO - Scheduling disconnect task on the background loop.
2025-08-17 10:24:19,173 - web - INFO - Disconnect task completed with result: True
2025-08-17 10:24:19,173 - web - INFO - Disconnect task completed with result: True
2025-08-17 10:24:23,027 - web - INFO - Getting workouts with limit=1000, offset=0
2025-08-17 10:24:23,031 - web - INFO - Getting workouts with limit=100, offset=0
2025-08-17 10:24:23,035 - web - INFO - Retrieved 7 workouts from database
2025-08-17 10:24:23,036 - web - INFO - Retrieved 7 workouts from database
2025-08-17 10:24:46,245 - web - INFO - Sending workout 13 with 110 data points, type: bike
2025-08-17 10:24:46,247 - web - INFO - Sending workout 13 with 110 data points, type: bike
2025-08-17 10:24:48,211 - web - INFO - Sending workout 13 with 110 data points, type: bike
2025-08-17 10:24:48,211 - web - INFO - Sending workout 13 with 110 data points, type: bike
2025-08-17 10:52:27,655 - web - INFO - Initializing FTMSDeviceManager with use_simulator=False, device_type=bike
2025-08-17 10:52:27,668 - web - INFO - Using real FTMS devices
2025-08-17 10:52:27,671 - web - INFO - Flask application initialized. FTMS manager created.
2025-08-17 10:52:27,671 - web - INFO - Starting background asyncio loop thread...
2025-08-17 10:52:27,671 - web - INFO - Background thread started. Creating new event loop.
2025-08-17 10:52:27,671 - web - INFO - Background asyncio loop thread start initiated.
2025-08-17 10:52:27,693 - web - INFO - Starting background asyncio event loop run_forever.
2025-08-17 10:52:28,939 - web - INFO - Initializing FTMSDeviceManager with use_simulator=False, device_type=bike
2025-08-17 10:52:28,944 - web - INFO - Using real FTMS devices
2025-08-17 10:52:28,949 - web - INFO - Flask application initialized. FTMS manager created.
2025-08-17 10:52:28,949 - web - INFO - Starting background asyncio loop thread...
2025-08-17 10:52:28,951 - web - INFO - Background thread started. Creating new event loop.
2025-08-17 10:52:28,951 - web - INFO - Background asyncio loop thread start initiated.
2025-08-17 10:52:28,965 - web - INFO - Starting background asyncio event loop run_forever.
2025-08-17 10:53:45,468 - web - INFO - Scheduling connect task for C9:02:CB:68:17:C1 with device_type auto on background loop.
2025-08-17 10:53:52,284 - web - INFO - Connect task for C9:02:CB:68:17:C1 (device_type: auto) completed with result: True
2025-08-17 10:54:05,490 - web - ERROR - Error starting workout: 'Database' object has no attribute 'get_device_id_by_address'
2025-08-17 10:54:22,296 - web - ERROR - Error starting workout: 'Database' object has no attribute 'get_device_id_by_address'
2025-08-17 10:54:32,550 - web - INFO - Scheduling disconnect task on the background loop.
2025-08-17 10:54:35,934 - web - INFO - Disconnect task completed with result: True
2025-08-17 10:59:43,872 - web - INFO - Initializing FTMSDeviceManager with use_simulator=False, device_type=bike
2025-08-17 10:59:43,877 - web - INFO - Using real FTMS devices
2025-08-17 10:59:43,880 - web - INFO - Flask application initialized. FTMS manager created.
2025-08-17 10:59:43,880 - web - INFO - Starting background asyncio loop thread...
2025-08-17 10:59:43,881 - web - INFO - Background thread started. Creating new event loop.
2025-08-17 10:59:43,881 - web - INFO - Background asyncio loop thread start initiated.
2025-08-17 10:59:43,894 - web - INFO - Starting background asyncio event loop run_forever.
2025-08-17 10:59:44,864 - web - INFO - Initializing FTMSDeviceManager with use_simulator=False, device_type=bike
2025-08-17 10:59:44,868 - web - INFO - Using real FTMS devices
2025-08-17 10:59:44,868 - web - INFO - Flask application initialized. FTMS manager created.
2025-08-17 10:59:44,868 - web - INFO - Starting background asyncio loop thread...
2025-08-17 10:59:44,868 - web - INFO - Background thread started. Creating new event loop.
2025-08-17 10:59:44,868 - web - INFO - Background asyncio loop thread start initiated.
2025-08-17 10:59:44,891 - web - INFO - Starting background asyncio event loop run_forever.
2025-08-17 11:00:13,312 - web - INFO - Scheduling connect task for C9:02:CB:68:17:C1 with device_type auto on background loop.
2025-08-17 11:00:21,025 - web - INFO - Connect task for C9:02:CB:68:17:C1 (device_type: auto) completed with result: True
2025-08-17 11:03:17,126 - web - INFO - Initializing FTMSDeviceManager with use_simulator=False, device_type=bike
2025-08-17 11:03:17,150 - web - INFO - Using real FTMS devices
2025-08-17 11:03:17,155 - web - INFO - Flask application initialized. FTMS manager created.
2025-08-17 11:03:17,155 - web - INFO - Starting background asyncio loop thread...
2025-08-17 11:03:17,158 - web - INFO - Background thread started. Creating new event loop.
2025-08-17 11:03:17,158 - web - INFO - Background asyncio loop thread start initiated.
2025-08-17 11:03:17,176 - web - INFO - Starting background asyncio event loop run_forever.
2025-08-17 11:03:18,512 - web - INFO - Initializing FTMSDeviceManager with use_simulator=False, device_type=bike
2025-08-17 11:03:18,522 - web - INFO - Using real FTMS devices
2025-08-17 11:03:18,524 - web - INFO - Flask application initialized. FTMS manager created.
2025-08-17 11:03:18,526 - web - INFO - Starting background asyncio loop thread...
2025-08-17 11:03:18,526 - web - INFO - Background thread started. Creating new event loop.
2025-08-17 11:03:18,528 - web - INFO - Background asyncio loop thread start initiated.
2025-08-17 11:03:18,544 - web - INFO - Starting background asyncio event loop run_forever.
2025-08-17 11:03:37,196 - web - INFO - Scheduling connect task for C9:02:CB:68:17:C1 with device_type auto on background loop.
2025-08-17 11:03:45,152 - web - INFO - Scheduling connect task for C9:02:CB:68:17:C1 with device_type auto on background loop.
2025-08-17 11:03:45,291 - web - INFO - Connect task for C9:02:CB:68:17:C1 (device_type: auto) completed with result: True
2025-08-17 11:05:16,291 - web - INFO - Initializing FTMSDeviceManager with use_simulator=False, device_type=bike
2025-08-17 11:05:16,308 - web - INFO - Using real FTMS devices
2025-08-17 11:05:16,310 - web - INFO - Flask application initialized. FTMS manager created.
2025-08-17 11:05:16,310 - web - INFO - Starting background asyncio loop thread...
2025-08-17 11:05:16,312 - web - INFO - Background thread started. Creating new event loop.
2025-08-17 11:05:16,312 - web - INFO - Background asyncio loop thread start initiated.
2025-08-17 11:05:16,328 - web - INFO - Starting background asyncio event loop run_forever.
2025-08-17 11:05:17,430 - web - INFO - Initializing FTMSDeviceManager with use_simulator=False, device_type=bike
2025-08-17 11:05:17,430 - web - INFO - Using real FTMS devices
2025-08-17 11:05:17,430 - web - INFO - Flask application initialized. FTMS manager created.
2025-08-17 11:05:17,438 - web - INFO - Starting background asyncio loop thread...
2025-08-17 11:05:17,438 - web - INFO - Background thread started. Creating new event loop.
2025-08-17 11:05:17,438 - web - INFO - Background asyncio loop thread start initiated.
2025-08-17 11:05:17,448 - web - INFO - Starting background asyncio event loop run_forever.
2025-08-17 11:05:30,082 - web - INFO - Scheduling connect task for C9:02:CB:68:17:C1 with device_type auto on background loop.
2025-08-17 11:06:07,686 - web - INFO - Scheduling connect task for C9:02:CB:68:17:C1 with device_type auto on background loop.
2025-08-17 11:06:07,694 - web - ERROR - Error connecting to device C9:02:CB:68:17:C1: 
Traceback (most recent call last):
  File "C:\Users\dougl\OneDrive\Desktop\rogue_garmin_bridge\src\web\app.py", line 269, in connect_device
    success = future.result(timeout=40) # Wait for the connection attempt to complete with timeout
              ^^^^^^^^^^^^^^^^^^^^^^^^^
  File "C:\Users\dougl\AppData\Local\Programs\Python\Python312\Lib\concurrent\futures\_base.py", line 454, in result
    raise CancelledError()
concurrent.futures._base.CancelledError
2025-08-17 11:06:36,102 - web - INFO - Connect task for C9:02:CB:68:17:C1 (device_type: auto) completed with result: True
2025-08-17 11:07:05,566 - web - INFO - Scheduling connect task for C9:02:CB:68:17:C1 with device_type auto on background loop.
2025-08-17 11:07:14,224 - web - INFO - Connect task for C9:02:CB:68:17:C1 (device_type: auto) completed with result: True
2025-08-17 11:07:18,019 - web - INFO - Scheduling connect task for C9:02:CB:68:17:C1 with device_type auto on background loop.
2025-08-17 11:07:47,149 - web - INFO - Connect task for C9:02:CB:68:17:C1 (device_type: auto) completed with result: True
2025-08-17 11:08:22,548 - web - INFO - Initializing FTMSDeviceManager with use_simulator=False, device_type=bike
2025-08-17 11:08:22,548 - web - INFO - Using real FTMS devices
2025-08-17 11:08:22,557 - web - INFO - Flask application initialized. FTMS manager created.
2025-08-17 11:08:22,557 - web - INFO - Starting background asyncio loop thread...
2025-08-17 11:08:22,559 - web - INFO - Background thread started. Creating new event loop.
2025-08-17 11:08:22,559 - web - INFO - Background asyncio loop thread start initiated.
2025-08-17 11:08:22,569 - web - INFO - Starting background asyncio event loop run_forever.
2025-08-17 11:08:23,492 - web - INFO - Initializing FTMSDeviceManager with use_simulator=False, device_type=bike
2025-08-17 11:08:23,497 - web - INFO - Using real FTMS devices
2025-08-17 11:08:23,497 - web - INFO - Flask application initialized. FTMS manager created.
2025-08-17 11:08:23,498 - web - INFO - Starting background asyncio loop thread...
2025-08-17 11:08:23,498 - web - INFO - Background thread started. Creating new event loop.
2025-08-17 11:08:23,500 - web - INFO - Background asyncio loop thread start initiated.
2025-08-17 11:08:23,513 - web - INFO - Starting background asyncio event loop run_forever.
2025-08-17 11:08:51,983 - web - INFO - Scheduling connect task for C9:02:CB:68:17:C1 with device_type auto on background loop.
2025-08-17 11:08:56,844 - web - INFO - Connect task for C9:02:CB:68:17:C1 (device_type: auto) completed with result: True
2025-08-17 11:17:29,206 - web - INFO - Initializing FTMSDeviceManager with use_simulator=False, device_type=bike
2025-08-17 11:17:29,220 - web - INFO - Using real FTMS devices
2025-08-17 11:17:29,223 - web - INFO - Flask application initialized. FTMS manager created.
2025-08-17 11:17:29,225 - web - INFO - Starting background asyncio loop thread...
2025-08-17 11:17:29,225 - web - INFO - Background thread started. Creating new event loop.
2025-08-17 11:17:29,225 - web - INFO - Background asyncio loop thread start initiated.
2025-08-17 11:17:29,245 - web - INFO - Starting background asyncio event loop run_forever.
2025-08-17 11:17:30,509 - web - INFO - Initializing FTMSDeviceManager with use_simulator=False, device_type=bike
2025-08-17 11:17:30,518 - web - INFO - Using real FTMS devices
2025-08-17 11:17:30,518 - web - INFO - Flask application initialized. FTMS manager created.
2025-08-17 11:17:30,518 - web - INFO - Starting background asyncio loop thread...
2025-08-17 11:17:30,523 - web - INFO - Background thread started. Creating new event loop.
2025-08-17 11:17:30,523 - web - INFO - Background asyncio loop thread start initiated.
2025-08-17 11:17:30,545 - web - INFO - Starting background asyncio event loop run_forever.
2025-08-17 11:18:12,483 - web - INFO - Scheduling connect task for C9:02:CB:68:17:C1 with device_type auto on background loop.
2025-08-17 11:18:19,730 - web - INFO - Connect task for C9:02:CB:68:17:C1 (device_type: auto) completed with result: True
2025-08-17 11:19:32,335 - web - INFO - Scheduling disconnect task on the background loop.
2025-08-17 11:19:34,887 - web - INFO - Scheduling disconnect task on the background loop.
2025-08-17 11:19:35,570 - web - INFO - Disconnect task completed with result: True
2025-08-17 11:19:35,570 - web - INFO - Disconnect task completed with result: True
2025-08-17 11:23:22,624 - web - INFO - Initializing FTMSDeviceManager with use_simulator=False, device_type=bike
2025-08-17 11:23:22,633 - web - INFO - Using real FTMS devices
2025-08-17 11:23:22,635 - web - INFO - Flask application initialized. FTMS manager created.
2025-08-17 11:23:22,635 - web - INFO - Starting background asyncio loop thread...
2025-08-17 11:23:22,635 - web - INFO - Background thread started. Creating new event loop.
2025-08-17 11:23:22,639 - web - INFO - Background asyncio loop thread start initiated.
2025-08-17 11:23:22,658 - web - INFO - Starting background asyncio event loop run_forever.
2025-08-17 11:23:23,960 - web - INFO - Initializing FTMSDeviceManager with use_simulator=False, device_type=bike
2025-08-17 11:23:23,965 - web - INFO - Using real FTMS devices
2025-08-17 11:23:23,965 - web - INFO - Flask application initialized. FTMS manager created.
2025-08-17 11:23:23,968 - web - INFO - Starting background asyncio loop thread...
2025-08-17 11:23:23,968 - web - INFO - Background thread started. Creating new event loop.
2025-08-17 11:23:23,968 - web - INFO - Background asyncio loop thread start initiated.
2025-08-17 11:23:23,985 - web - INFO - Starting background asyncio event loop run_forever.
2025-08-17 11:24:10,409 - web - INFO - Scheduling connect task for C9:02:CB:68:17:C1 with device_type auto on background loop.
2025-08-17 11:24:15,461 - web - INFO - Connect task for C9:02:CB:68:17:C1 (device_type: auto) completed with result: True
2025-08-17 11:25:16,783 - web - INFO - Scheduling connect task for C9:02:CB:68:17:C1 with device_type auto on background loop.
2025-08-17 11:25:31,498 - web - INFO - Connect task for C9:02:CB:68:17:C1 (device_type: auto) completed with result: True
2025-08-17 11:30:49,900 - web - INFO - Initializing FTMSDeviceManager with use_simulator=False, device_type=bike
2025-08-17 11:30:49,909 - web - INFO - Using real FTMS devices
2025-08-17 11:30:49,909 - web - INFO - Flask application initialized. FTMS manager created.
2025-08-17 11:30:49,910 - web - INFO - Starting background asyncio loop thread...
2025-08-17 11:30:49,911 - web - INFO - Background thread started. Creating new event loop.
2025-08-17 11:30:49,911 - web - INFO - Background asyncio loop thread start initiated.
2025-08-17 11:30:49,920 - web - INFO - Starting background asyncio event loop run_forever.
2025-08-17 11:30:50,759 - web - INFO - Initializing FTMSDeviceManager with use_simulator=False, device_type=bike
2025-08-17 11:30:50,762 - web - INFO - Using real FTMS devices
2025-08-17 11:30:50,762 - web - INFO - Flask application initialized. FTMS manager created.
2025-08-17 11:30:50,762 - web - INFO - Starting background asyncio loop thread...
2025-08-17 11:30:50,763 - web - INFO - Background thread started. Creating new event loop.
2025-08-17 11:30:50,763 - web - INFO - Background asyncio loop thread start initiated.
2025-08-17 11:30:50,773 - web - INFO - Starting background asyncio event loop run_forever.
2025-08-17 11:32:02,405 - web - INFO - Scheduling connect task for C9:02:CB:68:17:C1 with device_type auto on background loop.
2025-08-17 11:32:10,088 - web - INFO - Connect task for C9:02:CB:68:17:C1 (device_type: auto) completed with result: True
2025-08-17 11:32:51,361 - web - INFO - Getting workouts with limit=100, offset=0
2025-08-17 11:32:51,363 - web - INFO - Getting workouts with limit=1000, offset=0
2025-08-17 11:32:51,365 - web - INFO - Retrieved 11 workouts from database
2025-08-17 11:32:51,365 - web - INFO - Retrieved 11 workouts from database
2025-08-17 12:06:03,855 - web - INFO - Initializing FTMSDeviceManager with use_simulator=False, device_type=bike
2025-08-17 12:06:03,860 - web - INFO - Using real FTMS devices
2025-08-17 12:06:03,860 - web - INFO - Flask application initialized. FTMS manager created.
2025-08-17 12:06:03,860 - web - INFO - Starting background asyncio loop thread...
2025-08-17 12:06:03,863 - web - INFO - Background thread started. Creating new event loop.
2025-08-17 12:06:03,863 - web - INFO - Background asyncio loop thread start initiated.
2025-08-17 12:06:03,871 - web - INFO - Starting background asyncio event loop run_forever.
2025-08-17 12:06:05,173 - web - INFO - Initializing FTMSDeviceManager with use_simulator=False, device_type=bike
2025-08-17 12:06:05,176 - web - INFO - Using real FTMS devices
2025-08-17 12:06:05,176 - web - INFO - Flask application initialized. FTMS manager created.
2025-08-17 12:06:05,176 - web - INFO - Starting background asyncio loop thread...
2025-08-17 12:06:05,176 - web - INFO - Background thread started. Creating new event loop.
2025-08-17 12:06:05,176 - web - INFO - Background asyncio loop thread start initiated.
2025-08-17 12:06:05,193 - web - INFO - Starting background asyncio event loop run_forever.
2025-08-17 12:06:15,685 - web - INFO - Getting workouts with limit=10, offset=0
2025-08-17 12:06:15,688 - web - INFO - Retrieved 10 workouts from database
2025-08-17 12:06:33,507 - web - INFO - Scheduling connect task for C9:02:CB:68:17:C1 with device_type auto on background loop.
2025-08-17 12:06:38,528 - web - INFO - Connect task for C9:02:CB:68:17:C1 (device_type: auto) completed with result: True
2025-08-17 12:06:44,141 - web - INFO - Starting workout for device address: C9:02:CB:68:17:C1
2025-08-17 12:06:44,141 - web - INFO - Using get_device_id_by_address method
2025-08-17 12:06:44,162 - web - INFO - Found device_id: 1 for address: C9:02:CB:68:17:C1
2025-08-17 12:06:44,162 - web - INFO - Starting workout with device_id: 1, workout_type: bike
2025-08-17 12:06:44,188 - web - INFO - Workout started successfully with ID: 19
2025-08-17 12:06:44,215 - web - INFO - Starting workout for device address: C9:02:CB:68:17:C1
2025-08-17 12:06:44,215 - web - INFO - Using get_device_id_by_address method
2025-08-17 12:06:44,227 - web - INFO - Found device_id: 1 for address: C9:02:CB:68:17:C1
2025-08-17 12:06:44,227 - web - INFO - Starting workout with device_id: 1, workout_type: bike
2025-08-17 12:06:44,275 - web - INFO - Workout started successfully with ID: 20
2026-02-14 13:37:16,736 - web - INFO - Initializing FTMSDeviceManager with use_simulator=False, device_type=bike
2026-02-14 13:37:16,739 - web - INFO - Using real FTMS devices
2026-02-14 13:37:16,739 - web - INFO - Flask application initialized. FTMS manager created.
2026-02-14 13:37:16,740 - web - INFO - Starting background asyncio loop thread...
2026-02-14 13:37:16,741 - web - INFO - Background thread started. Creating new event loop.
2026-02-14 13:37:16,741 - web - INFO - Background asyncio loop thread start initiated.
2026-02-14 13:37:16,743 - web - INFO - Starting background asyncio event loop run_forever.
2026-02-14 13:37:18,873 - web - INFO - Initializing FTMSDeviceManager with use_simulator=False, device_type=bike
2026-02-14 13:37:18,875 - web - INFO - Using real FTMS devices
2026-02-14 13:37:18,875 - web - INFO - Flask application initialized. FTMS manager created.
2026-02-14 13:37:18,875 - web - INFO - Starting background asyncio loop thread...
2026-02-14 13:37:18,875 - web - INFO - Background thread started. Creating new event loop.
2026-02-14 13:37:18,876 - web - INFO - Background asyncio loop thread start initiated.
2026-02-14 13:37:18,878 - web - INFO - Starting background asyncio event loop run_forever.
2026-02-14 13:40:52,980 - web - INFO - Initializing FTMSDeviceManager with use_simulator=False, device_type=bike
2026-02-14 13:40:52,981 - web - INFO - Using real FTMS devices
2026-02-14 13:40:52,981 - web - INFO - Flask application initialized. FTMS manager created.
2026-02-14 13:40:52,981 - web - INFO - Starting background asyncio loop thread...
2026-02-14 13:40:52,987 - web - INFO - Background thread started. Creating new event loop.
2026-02-14 13:40:52,987 - web - INFO - Background asyncio loop thread start initiated.
2026-02-14 13:40:53,047 - web - INFO - Starting background asyncio event loop run_forever.
2026-02-14 14:33:04,432 - web - INFO - Initializing FTMSDeviceManager with use_simulator=False, device_type=bike
2026-02-14 14:33:04,433 - web - INFO - Using real FTMS devices
2026-02-14 14:33:04,433 - web - INFO - Flask application initialized. FTMS manager created.
2026-02-14 14:33:04,433 - web - INFO - Starting background asyncio loop thread...
2026-02-14 14:33:04,434 - web - INFO - Background thread started. Creating new event loop.
2026-02-14 14:33:04,434 - web - INFO - Background asyncio loop thread start initiated.
2026-02-14 14:33:04,436 - web - INFO - Starting background asyncio event loop run_forever.
2026-02-14 14:33:13,873 - web - INFO - Initializing FTMSDeviceManager with use_simulator=False, device_type=bike
2026-02-14 14:33:13,874 - web - INFO - Using real FTMS devices
2026-02-14 14:33:13,875 - web - INFO - Flask application initialized. FTMS manager created.
2026-02-14 14:33:13,875 - web - INFO - Starting background asyncio loop thread...
2026-02-14 14:33:13,875 - web - INFO - Background thread started. Creating new event loop.
2026-02-14 14:33:13,877 - web - INFO - Starting background asyncio event loop run_forever.
2026-02-14 14:33:13,884 - web - INFO - Background asyncio loop thread start initiated.
2026-02-14 14:33:34,987 - web - INFO - Initializing FTMSDeviceManager with use_simulator=False, device_type=bike
2026-02-14 14:33:34,989 - web - INFO - Using real FTMS devices
2026-02-14 14:33:34,989 - web - INFO - Flask application initialized. FTMS manager created.
2026-02-14 14:33:34,989 - web - INFO - Starting background asyncio loop thread...
2026-02-14 14:33:34,990 - web - INFO - Background thread started. Creating new event loop.
2026-02-14 14:33:34,990 - web - INFO - Background asyncio loop thread start initiated.
2026-02-14 14:33:35,008 - web - INFO - Starting background asyncio event loop run_forever.
2026-02-14 14:55:45,817 - web - INFO - Initializing FTMSDeviceManager with use_simulator=False, device_type=bike
2026-02-14 14:55:45,819 - web - INFO - Using real FTMS devices
2026-02-14 14:55:45,820 - web - INFO - Flask application initialized. FTMS manager created.
2026-02-14 14:55:45,820 - web - INFO - Starting background asyncio loop thread...
2026-02-14 14:55:45,820 - web - INFO - Background thread started. Creating new event loop.
2026-02-14 14:55:45,821 - web - INFO - Background asyncio loop thread start initiated.
2026-02-14 14:55:45,823 - web - INFO - Starting background asyncio event loop run_forever.
2026-02-14 14:56:34,982 - web - INFO - Initializing FTMSDeviceManager with use_simulator=False, device_type=bike
2026-02-14 14:56:34,984 - web - INFO - Using real FTMS devices
2026-02-14 14:56:34,984 - web - INFO - Flask application initialized. FTMS manager created.
2026-02-14 14:56:34,984 - web - INFO - Starting background asyncio loop thread...
2026-02-14 14:56:34,986 - web - INFO - Background thread started. Creating new event loop.
2026-02-14 14:56:34,986 - web - INFO - Background asyncio loop thread start initiated.
2026-02-14 14:56:35,012 - web - INFO - Starting background asyncio event loop run_forever.
2026-02-17 18:51:37,170 - web - INFO - Initializing FTMSDeviceManager with use_simulator=False, device_type=bike
2026-02-17 18:51:37,174 - web - INFO - Using real FTMS devices
2026-02-17 18:51:37,174 - web - INFO - Flask application initialized. FTMS manager created.
2026-02-17 18:51:37,175 - web - INFO - Starting background asyncio loop thread...
2026-02-17 18:51:37,175 - web - INFO - Background thread started. Creating new event loop.
2026-02-17 18:51:37,175 - web - INFO - Background asyncio loop thread start initiated.
2026-02-17 18:51:37,177 - web - INFO - Starting background asyncio event loop run_forever.
2026-02-17 18:51:38,430 - web - INFO - Initializing FTMSDeviceManager with use_simulator=False, device_type=bike
2026-02-17 18:51:38,432 - web - INFO - Using real FTMS devices
2026-02-17 18:51:38,433 - web - INFO - Flask application initialized. FTMS manager created.
2026-02-17 18:51:38,433 - web - INFO - Starting background asyncio loop thread...
2026-02-17 18:51:38,434 - web - INFO - Background thread started. Creating new event loop.
2026-02-17 18:51:38,434 - web - INFO - Background asyncio loop thread start initiated.
2026-02-17 18:51:38,436 - web - INFO - Starting background asyncio event loop run_forever.
2026-02-17 18:52:20,610 - web - INFO - Initializing FTMSDeviceManager with use_simulator=False, device_type=bike
2026-02-17 18:52:20,612 - web - INFO - Using real FTMS devices
2026-02-17 18:52:20,612 - web - INFO - Flask application initialized. FTMS manager created.
2026-02-17 18:52:20,613 - web - INFO - Starting background asyncio loop thread...
2026-02-17 18:52:20,613 - web - INFO - Background thread started. Creating new event loop.
2026-02-17 18:52:20,614 - web - INFO - Background asyncio loop thread start initiated.
2026-02-17 18:52:20,630 - web - INFO - Starting background asyncio event loop run_forever.
2026-02-17 18:53:44,096 - web.devices - INFO - Scheduling connect task for C9:02:CB:68:17:C1 (device_type: auto).
2026-02-17 18:53:49,709 - web.devices - INFO - Connect task for C9:02:CB:68:17:C1 completed with result: True
2026-02-17 18:54:03,930 - web.workouts - INFO - Starting workout for device address: C9:02:CB:68:17:C1
2026-02-17 18:54:03,945 - web.workouts - INFO - Workout started with ID: 19
2026-02-17 18:54:04,178 - web.workouts - INFO - Starting workout for device address: C9:02:CB:68:17:C1
2026-02-17 18:54:04,244 - web.workouts - INFO - Workout started with ID: 20
2026-02-17 18:57:33,877 - web.devices - INFO - Scheduling connect task for FC:5A:4D:64:E7:EE (device_type: auto).
2026-02-17 18:57:40,448 - web.devices - INFO - Connect task for FC:5A:4D:64:E7:EE completed with result: True
2026-02-17 18:57:46,702 - web.devices - INFO - Scheduling connect task for FC:5A:4D:64:E7:EE (device_type: auto).
2026-02-17 18:57:53,815 - web.devices - INFO - Connect task for FC:5A:4D:64:E7:EE completed with result: True
2026-02-17 18:58:39,946 - web.workouts - INFO - Starting workout for device address: FC:5A:4D:64:E7:EE
2026-02-17 18:58:39,958 - web.workouts - INFO - Workout started with ID: 21
2026-02-17 18:58:40,284 - web.workouts - INFO - Starting workout for device address: FC:5A:4D:64:E7:EE
2026-02-17 18:58:40,324 - web.workouts - INFO - Workout started with ID: 22
2026-02-17 19:00:34,857 - web.devices - INFO - Scheduling connect task for FC:5A:4D:64:E7:EE (device_type: rower).
2026-02-17 19:00:37,842 - web.devices - INFO - Connect task for FC:5A:4D:64:E7:EE completed with result: True
2026-02-17 19:00:47,765 - web.workouts - INFO - Starting workout for device address: FC:5A:4D:64:E7:EE
2026-02-17 19:00:47,776 - web.workouts - INFO - Workout started with ID: 23
2026-02-17 19:00:48,107 - web.workouts - INFO - Starting workout for device address: FC:5A:4D:64:E7:EE
2026-02-17 19:00:48,145 - web.workouts - INFO - Workout started with ID: 24
2026-02-17 19:01:09,710 - web.devices - INFO - Scheduling disconnect task on the background loop.
2026-02-17 19:01:11,451 - web.devices - INFO - Scheduling disconnect task on the background loop.
2026-02-17 19:01:12,699 - web.devices - INFO - Scheduling disconnect task on the background loop.
2026-02-17 19:01:12,926 - web.devices - INFO - Disconnect task completed with result: True
2026-02-17 19:01:12,927 - web.devices - INFO - Disconnect task completed with result: True
2026-02-17 19:01:12,927 - web.devices - INFO - Disconnect task completed with result: True
2026-02-17 19:08:14,069 - web - INFO - Initializing FTMSDeviceManager with use_simulator=False, device_type=bike
2026-02-17 19:08:14,072 - web - INFO - Using real FTMS devices
2026-02-17 19:08:14,073 - web - INFO - Flask application initialized. FTMS manager created.
2026-02-17 19:08:14,073 - web - INFO - Starting background asyncio loop thread...
2026-02-17 19:08:14,074 - web - INFO - Background thread started. Creating new event loop.
2026-02-17 19:08:14,074 - web - INFO - Background asyncio loop thread start initiated.
2026-02-17 19:08:14,077 - web - INFO - Starting background asyncio event loop run_forever.
2026-02-17 19:08:25,125 - web - INFO - Initializing FTMSDeviceManager with use_simulator=False, device_type=bike
2026-02-17 19:08:25,128 - web - INFO - Using real FTMS devices
2026-02-17 19:08:25,128 - web - INFO - Flask application initialized. FTMS manager created.
2026-02-17 19:08:25,128 - web - INFO - Starting background asyncio loop thread...
2026-02-17 19:08:25,130 - web - INFO - Background thread started. Creating new event loop.
2026-02-17 19:08:25,130 - web - INFO - Background asyncio loop thread start initiated.
2026-02-17 19:08:25,133 - web - INFO - Starting background asyncio event loop run_forever.
2026-02-17 19:08:38,627 - web - INFO - Initializing FTMSDeviceManager with use_simulator=False, device_type=bike
2026-02-17 19:08:38,628 - web - INFO - Using real FTMS devices
2026-02-17 19:08:38,629 - web - INFO - Flask application initialized. FTMS manager created.
2026-02-17 19:08:38,629 - web - INFO - Starting background asyncio loop thread...
2026-02-17 19:08:38,630 - web - INFO - Background thread started. Creating new event loop.
2026-02-17 19:08:38,631 - web - INFO - Background asyncio loop thread start initiated.
2026-02-17 19:08:38,634 - web - INFO - Starting background asyncio event loop run_forever.
2026-02-17 19:10:04,934 - web - INFO - Initializing FTMSDeviceManager with use_simulator=False, device_type=bike
2026-02-17 19:10:04,936 - web - INFO - Using real FTMS devices
2026-02-17 19:10:04,936 - web - INFO - Flask application initialized. FTMS manager created.
2026-02-17 19:10:04,937 - web - INFO - Starting background asyncio loop thread...
2026-02-17 19:10:04,937 - web - INFO - Background thread started. Creating new event loop.
2026-02-17 19:10:04,938 - web - INFO - Background asyncio loop thread start initiated.
2026-02-17 19:10:04,940 - web - INFO - Starting background asyncio event loop run_forever.
2026-02-17 19:18:24,276 - web - INFO - Initializing FTMSDeviceManager with use_simulator=False, device_type=bike
2026-02-17 19:18:24,279 - web - INFO - Using real FTMS devices
2026-02-17 19:18:24,279 - web - INFO - Flask application initialized. FTMS manager created.
2026-02-17 19:18:24,280 - web - INFO - Starting background asyncio loop thread...
2026-02-17 19:18:24,281 - web - INFO - Background thread started. Creating new event loop.
2026-02-17 19:18:24,281 - web - INFO - Background asyncio loop thread start initiated.
2026-02-17 19:18:24,308 - web - INFO - Starting background asyncio event loop run_forever.
2026-02-17 19:36:21,658 - web - INFO - Initializing FTMSDeviceManager with use_simulator=False, device_type=bike
2026-02-17 19:36:21,662 - web - INFO - Using real FTMS devices
2026-02-17 19:36:21,663 - web - INFO - Flask application initialized. FTMS manager created.
2026-02-17 19:36:21,663 - web - INFO - Starting background asyncio loop thread...
2026-02-17 19:36:21,664 - web - INFO - Background thread started. Creating new event loop.
2026-02-17 19:36:21,664 - web - INFO - Background asyncio loop thread start initiated.
2026-02-17 19:36:21,667 - web - INFO - Starting background asyncio event loop run_forever.
2026-02-17 19:36:23,323 - web - INFO - Initializing FTMSDeviceManager with use_simulator=False, device_type=bike
2026-02-17 19:36:23,326 - web - INFO - Using real FTMS devices
2026-02-17 19:36:23,327 - web - INFO - Flask application initialized. FTMS manager created.
2026-02-17 19:36:23,327 - web - INFO - Starting background asyncio loop thread...
2026-02-17 19:36:23,328 - web - INFO - Background thread started. Creating new event loop.
2026-02-17 19:36:23,328 - web - INFO - Background asyncio loop thread start initiated.
2026-02-17 19:36:23,331 - web - INFO - Starting background asyncio event loop run_forever.
2026-02-17 19:36:34,734 - web - INFO - Initializing FTMSDeviceManager with use_simulator=False, device_type=bike
2026-02-17 19:36:34,737 - web - INFO - Using real FTMS devices
2026-02-17 19:36:34,737 - web - INFO - Flask application initialized. FTMS manager created.
2026-02-17 19:36:34,737 - web - INFO - Starting background asyncio loop thread...
2026-02-17 19:36:34,738 - web - INFO - Background thread started. Creating new event loop.
2026-02-17 19:36:34,738 - web - INFO - Background asyncio loop thread start initiated.
2026-02-17 19:36:34,755 - web - INFO - Starting background asyncio event loop run_forever.
2026-02-17 19:36:47,320 - web.devices - INFO - Scheduling connect task for C9:02:CB:68:17:C1 (device_type: auto).
2026-02-17 19:37:04,252 - web.devices - INFO - Scheduling connect task for C9:02:CB:68:17:C1 (device_type: auto).
2026-02-17 19:37:08,303 - web.devices - INFO - Scheduling connect task for C9:02:CB:68:17:C1 (device_type: indoor_bike).
2026-02-17 19:37:08,312 - web.devices - ERROR - Error connecting to device C9:02:CB:68:17:C1: 
Traceback (most recent call last):
  File "C:\Users\dougl\OneDrive\Vs Code\rogue_garmin_bridge\src\web\blueprints\devices.py", line 90, in connect_device
    success = future.result(timeout=40)
              ^^^^^^^^^^^^^^^^^^^^^^^^^
  File "C:\Users\dougl\AppData\Local\Programs\Python\Python312\Lib\concurrent\futures\_base.py", line 454, in result
    raise CancelledError()
concurrent.futures._base.CancelledError
2026-02-17 19:37:27,329 - web.devices - ERROR - Connection to C9:02:CB:68:17:C1 timed out.
2026-02-17 19:37:48,133 - web.devices - INFO - Connect task for C9:02:CB:68:17:C1 completed with result: False
2026-02-17 19:38:02,168 - web.devices - INFO - Scheduling connect task for C9:02:CB:68:17:C1 (device_type: indoor_bike).
2026-02-17 19:38:07,412 - web.devices - INFO - Connect task for C9:02:CB:68:17:C1 completed with result: True
2026-02-17 19:38:43,838 - web.workouts - INFO - Starting workout for device address: C9:02:CB:68:17:C1
2026-02-17 19:38:43,849 - web.workouts - INFO - Workout started with ID: 25
2026-02-17 19:38:43,885 - web.workouts - INFO - Starting workout for device address: C9:02:CB:68:17:C1
2026-02-17 19:38:43,889 - web.workouts - INFO - Auto-detected workout_type: bike
2026-02-17 19:38:43,918 - web.workouts - INFO - Workout started with ID: 26
2026-02-17 19:48:20,486 - web - INFO - Initializing FTMSDeviceManager with use_simulator=False, device_type=bike
2026-02-17 19:48:20,489 - web - INFO - Using real FTMS devices
2026-02-17 19:48:20,490 - web - INFO - Flask application initialized. FTMS manager created.
2026-02-17 19:48:20,490 - web - INFO - Starting background asyncio loop thread...
2026-02-17 19:48:20,491 - web - INFO - Background thread started. Creating new event loop.
2026-02-17 19:48:20,491 - web - INFO - Background asyncio loop thread start initiated.
2026-02-17 19:48:20,494 - web - INFO - Starting background asyncio event loop run_forever.
2026-02-17 19:49:03,573 - web - INFO - Initializing FTMSDeviceManager with use_simulator=False, device_type=bike
2026-02-17 19:49:03,575 - web - INFO - Using real FTMS devices
2026-02-17 19:49:03,575 - web - INFO - Flask application initialized. FTMS manager created.
2026-02-17 19:49:03,575 - web - INFO - Starting background asyncio loop thread...
2026-02-17 19:49:03,576 - web - INFO - Background thread started. Creating new event loop.
2026-02-17 19:49:03,576 - web - INFO - Background asyncio loop thread start initiated.
2026-02-17 19:49:03,578 - web - INFO - Starting background asyncio event loop run_forever.
2026-02-17 19:49:05,069 - web - INFO - Initializing FTMSDeviceManager with use_simulator=False, device_type=bike
2026-02-17 19:49:05,072 - web - INFO - Using real FTMS devices
2026-02-17 19:49:05,072 - web - INFO - Flask application initialized. FTMS manager created.
2026-02-17 19:49:05,072 - web - INFO - Starting background asyncio loop thread...
2026-02-17 19:49:05,073 - web - INFO - Background thread started. Creating new event loop.
2026-02-17 19:49:05,073 - web - INFO - Background asyncio loop thread start initiated.
2026-02-17 19:49:05,076 - web - INFO - Starting background asyncio event loop run_forever.
2026-02-17 19:49:06,201 - web - INFO - Initializing FTMSDeviceManager with use_simulator=False, device_type=bike
2026-02-17 19:49:06,202 - web - INFO - Using real FTMS devices
2026-02-17 19:49:06,202 - web - INFO - Flask application initialized. FTMS manager created.
2026-02-17 19:49:06,203 - web - INFO - Starting background asyncio loop thread...
2026-02-17 19:49:06,203 - web - INFO - Background thread started. Creating new event loop.
2026-02-17 19:49:06,204 - web - INFO - Background asyncio loop thread start initiated.
2026-02-17 19:49:06,223 - web - INFO - Starting background asyncio event loop run_forever.
2026-02-17 19:49:20,534 - web.devices - INFO - Scheduling connect task for C9:02:CB:68:17:C1 (device_type: auto).
2026-02-17 19:49:24,574 - web.devices - INFO - Connect task for C9:02:CB:68:17:C1 completed with result: True
2026-02-17 19:49:36,631 - web.workouts - INFO - Starting workout for device address: C9:02:CB:68:17:C1
2026-02-17 19:49:36,642 - web.workouts - INFO - Workout started with ID: 27
2026-02-17 19:49:36,683 - web.workouts - INFO - Starting workout for device address: C9:02:CB:68:17:C1
2026-02-17 19:49:36,686 - web.workouts - INFO - Auto-detected workout_type: bike
2026-02-17 19:49:36,713 - web.workouts - INFO - Workout started with ID: 28
2026-02-17 19:59:04,245 - web - INFO - Initializing FTMSDeviceManager with use_simulator=False, device_type=bike
2026-02-17 19:59:04,248 - web - INFO - Using real FTMS devices
2026-02-17 19:59:04,248 - web - INFO - Flask application initialized. FTMS manager created.
2026-02-17 19:59:04,248 - web - INFO - Starting background asyncio loop thread...
2026-02-17 19:59:04,249 - web - INFO - Background thread started. Creating new event loop.
2026-02-17 19:59:04,249 - web - INFO - Background asyncio loop thread start initiated.
2026-02-17 19:59:04,250 - web - INFO - Starting background asyncio event loop run_forever.
2026-02-17 19:59:05,188 - web - INFO - Initializing FTMSDeviceManager with use_simulator=False, device_type=bike
2026-02-17 19:59:05,190 - web - INFO - Using real FTMS devices
2026-02-17 19:59:05,190 - web - INFO - Flask application initialized. FTMS manager created.
2026-02-17 19:59:05,191 - web - INFO - Starting background asyncio loop thread...
2026-02-17 19:59:05,191 - web - INFO - Background thread started. Creating new event loop.
2026-02-17 19:59:05,191 - web - INFO - Background asyncio loop thread start initiated.
2026-02-17 19:59:05,193 - web - INFO - Starting background asyncio event loop run_forever.
2026-02-17 19:59:09,426 - web - INFO - Initializing FTMSDeviceManager with use_simulator=False, device_type=bike
2026-02-17 19:59:09,428 - web - INFO - Using real FTMS devices
2026-02-17 19:59:09,428 - web - INFO - Flask application initialized. FTMS manager created.
2026-02-17 19:59:09,428 - web - INFO - Starting background asyncio loop thread...
2026-02-17 19:59:09,429 - web - INFO - Background thread started. Creating new event loop.
2026-02-17 19:59:09,429 - web - INFO - Background asyncio loop thread start initiated.
2026-02-17 19:59:09,430 - web - INFO - Starting background asyncio event loop run_forever.
2026-02-17 19:59:10,345 - web - INFO - Initializing FTMSDeviceManager with use_simulator=False, device_type=bike
2026-02-17 19:59:10,347 - web - INFO - Using real FTMS devices
2026-02-17 19:59:10,347 - web - INFO - Flask application initialized. FTMS manager created.
2026-02-17 19:59:10,347 - web - INFO - Starting background asyncio loop thread...
2026-02-17 19:59:10,348 - web - INFO - Background thread started. Creating new event loop.
2026-02-17 19:59:10,348 - web - INFO - Background asyncio loop thread start initiated.
2026-02-17 19:59:10,349 - web - INFO - Starting background asyncio event loop run_forever.
2026-02-17 19:59:12,755 - web - INFO - Initializing FTMSDeviceManager with use_simulator=False, device_type=bike
2026-02-17 19:59:12,756 - web - INFO - Using real FTMS devices
2026-02-17 19:59:12,756 - web - INFO - Flask application initialized. FTMS manager created.
2026-02-17 19:59:12,756 - web - INFO - Starting background asyncio loop thread...
2026-02-17 19:59:12,757 - web - INFO - Background thread started. Creating new event loop.
2026-02-17 19:59:12,757 - web - INFO - Background asyncio loop thread start initiated.
2026-02-17 19:59:12,766 - web - INFO - Starting background asyncio event loop run_forever.
2026-02-17 20:01:07,799 - web.fit - INFO - Converting workout 28 to FIT — type=bike, duration=196, points=197
2026-02-17 20:01:08,153 - web.fit - INFO - Converting workout 28 to FIT — type=bike, duration=196, points=197
2026-02-17 20:01:08,500 - web.fit - INFO - Serving FIT file: bike_20260217_194937.fit from C:\Users\dougl\OneDrive\Vs Code\rogue_garmin_bridge\fit_files
2026-03-31 06:39:20,260 - web - INFO - Initializing FTMSDeviceManager with use_simulator=False, device_type=bike
2026-03-31 06:39:20,265 - web - INFO - Using real FTMS devices
2026-03-31 06:39:20,265 - web - INFO - Flask application initialized. FTMS manager created.
2026-03-31 06:39:20,266 - web - INFO - Starting background asyncio loop thread...
2026-03-31 06:39:20,266 - web - INFO - Background thread started. Creating new event loop.
2026-03-31 06:39:20,266 - web - INFO - Background asyncio loop thread start initiated.
2026-03-31 06:39:20,268 - web - INFO - Starting background asyncio event loop run_forever.
2026-03-31 06:39:22,631 - web - INFO - Initializing FTMSDeviceManager with use_simulator=False, device_type=bike
2026-03-31 06:39:22,632 - web - INFO - Using real FTMS devices
2026-03-31 06:39:22,632 - web - INFO - Flask application initialized. FTMS manager created.
2026-03-31 06:39:22,632 - web - INFO - Starting background asyncio loop thread...
2026-03-31 06:39:22,632 - web - INFO - Background thread started. Creating new event loop.
2026-03-31 06:39:22,632 - web - INFO - Background asyncio loop thread start initiated.
2026-03-31 06:39:22,635 - web - INFO - Starting background asyncio event loop run_forever.
2026-03-31 06:39:32,335 - web - INFO - Initializing FTMSDeviceManager with use_simulator=False, device_type=bike
2026-03-31 06:39:32,337 - web - INFO - Using real FTMS devices
2026-03-31 06:39:32,337 - web - INFO - Flask application initialized. FTMS manager created.
2026-03-31 06:39:32,339 - web - INFO - Starting background asyncio loop thread...
2026-03-31 06:39:32,341 - web - INFO - Background thread started. Creating new event loop.
2026-03-31 06:39:32,341 - web - INFO - Background asyncio loop thread start initiated.
2026-03-31 06:39:32,357 - web - INFO - Starting background asyncio event loop run_forever.
2026-03-31 06:44:29,841 - web.fit - INFO - Converting workout 28 to FIT — type=bike, duration=196, points=197
2026-03-31 06:44:29,842 - web.fit - INFO - Converting workout 28 to FIT — type=bike, duration=196, points=197
2026-03-31 06:44:30,618 - web.fit - INFO - Serving FIT file: bike_20260217_194937.fit from C:\Users\dougl\OneDrive\Vs Code\rogue_garmin_bridge\fit_files
2026-03-31 06:44:31,015 - web.fit - INFO - Serving FIT file: bike_20260217_194937.fit from C:\Users\dougl\OneDrive\Vs Code\rogue_garmin_bridge\fit_files
2026-03-31 06:44:41,522 - web.fit - INFO - Converting workout 28 to FIT — type=bike, duration=196, points=197
2026-03-31 06:44:41,823 - web.fit - INFO - Serving FIT file: bike_20260217_194937.fit from C:\Users\dougl\OneDrive\Vs Code\rogue_garmin_bridge\fit_files
2026-03-31 06:44:42,113 - web.fit - INFO - Converting workout 28 to FIT — type=bike, duration=196, points=197
2026-03-31 06:44:42,784 - web.fit - INFO - Serving FIT file: bike_20260217_194937.fit from C:\Users\dougl\OneDrive\Vs Code\rogue_garmin_bridge\fit_files
2026-03-31 07:03:25,413 - web - INFO - Initializing FTMSDeviceManager with use_simulator=False, device_type=bike
2026-03-31 07:03:25,414 - web - INFO - Using real FTMS devices
2026-03-31 07:03:25,414 - web - INFO - Flask application initialized. FTMS manager created.
2026-03-31 07:03:25,414 - web - INFO - Starting background asyncio loop thread...
2026-03-31 07:03:25,414 - web - INFO - Background thread started. Creating new event loop.
2026-03-31 07:03:25,415 - web - INFO - Background asyncio loop thread start initiated.
2026-03-31 07:03:25,416 - web - INFO - Starting background asyncio event loop run_forever.
2026-03-31 07:03:51,730 - web - INFO - Initializing FTMSDeviceManager with use_simulator=False, device_type=bike
2026-03-31 07:03:51,731 - web - INFO - Using real FTMS devices
2026-03-31 07:03:51,731 - web - INFO - Flask application initialized. FTMS manager created.
2026-03-31 07:03:51,731 - web - INFO - Starting background asyncio loop thread...
2026-03-31 07:03:51,732 - web - INFO - Background thread started. Creating new event loop.
2026-03-31 07:03:51,732 - web - INFO - Background asyncio loop thread start initiated.
2026-03-31 07:03:51,733 - web - INFO - Starting background asyncio event loop run_forever.
2026-03-31 07:04:09,914 - web - INFO - Initializing FTMSDeviceManager with use_simulator=False, device_type=bike
2026-03-31 07:04:09,916 - web - INFO - Using real FTMS devices
2026-03-31 07:04:09,916 - web - INFO - Flask application initialized. FTMS manager created.
2026-03-31 07:04:09,917 - web - INFO - Starting background asyncio loop thread...
2026-03-31 07:04:09,917 - web - INFO - Background thread started. Creating new event loop.
2026-03-31 07:04:09,917 - web - INFO - Background asyncio loop thread start initiated.
2026-03-31 07:04:09,918 - web - INFO - Starting background asyncio event loop run_forever.
2026-03-31 07:06:17,120 - web - INFO - Initializing FTMSDeviceManager with use_simulator=False, device_type=bike
2026-03-31 07:06:17,121 - web - INFO - Using real FTMS devices
2026-03-31 07:06:17,121 - web - INFO - Flask application initialized. FTMS manager created.
2026-03-31 07:06:17,121 - web - INFO - Starting background asyncio loop thread...
2026-03-31 07:06:17,122 - web - INFO - Background thread started. Creating new event loop.
2026-03-31 07:06:17,122 - web - INFO - Background asyncio loop thread start initiated.
2026-03-31 07:06:17,123 - web - INFO - Starting background asyncio event loop run_forever.
2026-03-31 07:06:31,611 - web - INFO - Initializing FTMSDeviceManager with use_simulator=False, device_type=bike
2026-03-31 07:06:31,612 - web - INFO - Using real FTMS devices
2026-03-31 07:06:31,612 - web - INFO - Flask application initialized. FTMS manager created.
2026-03-31 07:06:31,612 - web - INFO - Starting background asyncio loop thread...
2026-03-31 07:06:31,613 - web - INFO - Background thread started. Creating new event loop.
2026-03-31 07:06:31,613 - web - INFO - Background asyncio loop thread start initiated.
2026-03-31 07:06:31,614 - web - INFO - Starting background asyncio event loop run_forever.
2026-03-31 07:06:36,944 - web - INFO - Initializing FTMSDeviceManager with use_simulator=False, device_type=bike
2026-03-31 07:06:36,945 - web - INFO - Using real FTMS devices
2026-03-31 07:06:36,945 - web - INFO - Flask application initialized. FTMS manager created.
2026-03-31 07:06:36,945 - web - INFO - Starting background asyncio loop thread...
2026-03-31 07:06:36,946 - web - INFO - Background thread started. Creating new event loop.
2026-03-31 07:06:36,946 - web - INFO - Background asyncio loop thread start initiated.
2026-03-31 07:06:36,947 - web - INFO - Starting background asyncio event loop run_forever.
2026-03-31 07:06:41,525 - web - INFO - Initializing FTMSDeviceManager with use_simulator=False, device_type=bike
2026-03-31 07:06:41,526 - web - INFO - Using real FTMS devices
2026-03-31 07:06:41,526 - web - INFO - Flask application initialized. FTMS manager created.
2026-03-31 07:06:41,526 - web - INFO - Starting background asyncio loop thread...
2026-03-31 07:06:41,526 - web - INFO - Background thread started. Creating new event loop.
2026-03-31 07:06:41,526 - web - INFO - Background asyncio loop thread start initiated.
2026-03-31 07:06:41,528 - web - INFO - Starting background asyncio event loop run_forever.
2026-03-31 07:06:46,972 - web - INFO - Initializing FTMSDeviceManager with use_simulator=False, device_type=bike
2026-03-31 07:06:46,973 - web - INFO - Using real FTMS devices
2026-03-31 07:06:46,973 - web - INFO - Flask application initialized. FTMS manager created.
2026-03-31 07:06:46,973 - web - INFO - Starting background asyncio loop thread...
2026-03-31 07:06:46,974 - web - INFO - Background thread started. Creating new event loop.
2026-03-31 07:06:46,974 - web - INFO - Background asyncio loop thread start initiated.
2026-03-31 07:06:46,975 - web - INFO - Starting background asyncio event loop run_forever.
2026-03-31 07:06:51,767 - web - INFO - Initializing FTMSDeviceManager with use_simulator=False, device_type=bike
2026-03-31 07:06:51,767 - web - INFO - Using real FTMS devices
2026-03-31 07:06:51,767 - web - INFO - Flask application initialized. FTMS manager created.
2026-03-31 07:06:51,768 - web - INFO - Starting background asyncio loop thread...
2026-03-31 07:06:51,768 - web - INFO - Background thread started. Creating new event loop.
2026-03-31 07:06:51,768 - web - INFO - Background asyncio loop thread start initiated.
2026-03-31 07:06:51,769 - web - INFO - Starting background asyncio event loop run_forever.
2026-03-31 07:06:55,926 - web - INFO - Initializing FTMSDeviceManager with use_simulator=False, device_type=bike
2026-03-31 07:06:55,926 - web - INFO - Using real FTMS devices
2026-03-31 07:06:55,926 - web - INFO - Flask application initialized. FTMS manager created.
2026-03-31 07:06:55,926 - web - INFO - Starting background asyncio loop thread...
2026-03-31 07:06:55,926 - web - INFO - Background thread started. Creating new event loop.
2026-03-31 07:06:55,926 - web - INFO - Background asyncio loop thread start initiated.
2026-03-31 07:06:55,928 - web - INFO - Starting background asyncio event loop run_forever.
2026-03-31 07:07:00,233 - web - INFO - Initializing FTMSDeviceManager with use_simulator=False, device_type=bike
2026-03-31 07:07:00,235 - web - INFO - Using real FTMS devices
2026-03-31 07:07:00,235 - web - INFO - Flask application initialized. FTMS manager created.
2026-03-31 07:07:00,235 - web - INFO - Starting background asyncio loop thread...
2026-03-31 07:07:00,235 - web - INFO - Background thread started. Creating new event loop.
2026-03-31 07:07:00,237 - web - INFO - Background asyncio loop thread start initiated.
2026-03-31 07:07:00,238 - web - INFO - Starting background asyncio event loop run_forever.
2026-03-31 07:09:44,685 - web - INFO - Initializing FTMSDeviceManager with use_simulator=False, device_type=bike
2026-03-31 07:09:44,686 - web - INFO - Using real FTMS devices
2026-03-31 07:09:44,686 - web - INFO - Flask application initialized. FTMS manager created.
2026-03-31 07:09:44,686 - web - INFO - Starting background asyncio loop thread...
2026-03-31 07:09:44,687 - web - INFO - Background thread started. Creating new event loop.
2026-03-31 07:09:44,687 - web - INFO - Background asyncio loop thread start initiated.
2026-03-31 07:09:44,699 - web - INFO - Starting background asyncio event loop run_forever.
2026-03-31 07:10:42,864 - web - INFO - Initializing FTMSDeviceManager with use_simulator=False, device_type=bike
2026-03-31 07:10:42,865 - web - INFO - Using real FTMS devices
2026-03-31 07:10:42,865 - web - INFO - Flask application initialized. FTMS manager created.
2026-03-31 07:10:42,865 - web - INFO - Starting background asyncio loop thread...
2026-03-31 07:10:42,866 - web - INFO - Background thread started. Creating new event loop.
2026-03-31 07:10:42,866 - web - INFO - Background asyncio loop thread start initiated.
2026-03-31 07:10:42,867 - web - INFO - Starting background asyncio event loop run_forever.
2026-03-31 07:10:44,905 - web - INFO - Initializing FTMSDeviceManager with use_simulator=False, device_type=bike
2026-03-31 07:10:44,905 - web - INFO - Using real FTMS devices
2026-03-31 07:10:44,906 - web - INFO - Flask application initialized. FTMS manager created.
2026-03-31 07:10:44,906 - web - INFO - Starting background asyncio loop thread...
2026-03-31 07:10:44,906 - web - INFO - Background thread started. Creating new event loop.
2026-03-31 07:10:44,906 - web - INFO - Background asyncio loop thread start initiated.
2026-03-31 07:10:44,907 - web - INFO - Starting background asyncio event loop run_forever.
2026-03-31 07:13:37,635 - web - INFO - Initializing FTMSDeviceManager with use_simulator=False, device_type=bike
2026-03-31 07:13:37,636 - web - INFO - Using real FTMS devices
2026-03-31 07:13:37,636 - web - INFO - Flask application initialized. FTMS manager created.
2026-03-31 07:13:37,636 - web - INFO - Starting background asyncio loop thread...
2026-03-31 07:13:37,636 - web - INFO - Background thread started. Creating new event loop.
2026-03-31 07:13:37,636 - web - INFO - Background asyncio loop thread start initiated.
2026-03-31 07:13:37,639 - web - INFO - Starting background asyncio event loop run_forever.
2026-03-31 07:13:37,684 - web - INFO - Initializing FTMSDeviceManager with use_simulator=False, device_type=bike
2026-03-31 07:13:37,684 - web - INFO - Using real FTMS devices
2026-03-31 07:13:37,685 - web - INFO - Flask application initialized. FTMS manager created.
2026-03-31 07:13:37,685 - web - INFO - Starting background asyncio loop thread...
2026-03-31 07:13:37,686 - web - INFO - Background thread started. Creating new event loop.
2026-03-31 07:13:37,686 - web - INFO - Background asyncio loop thread start initiated.
2026-03-31 07:13:37,686 - web - INFO - Starting background asyncio event loop run_forever.
2026-03-31 07:13:44,301 - web - INFO - Initializing FTMSDeviceManager with use_simulator=False, device_type=bike
2026-03-31 07:13:44,301 - web - INFO - Using real FTMS devices
2026-03-31 07:13:44,301 - web - INFO - Flask application initialized. FTMS manager created.
2026-03-31 07:13:44,302 - web - INFO - Starting background asyncio loop thread...
2026-03-31 07:13:44,302 - web - INFO - Background thread started. Creating new event loop.
2026-03-31 07:13:44,302 - web - INFO - Background asyncio loop thread start initiated.
2026-03-31 07:13:44,303 - web - INFO - Starting background asyncio event loop run_forever.
2026-03-31 07:13:44,345 - web - INFO - Initializing FTMSDeviceManager with use_simulator=False, device_type=bike
2026-03-31 07:13:44,345 - web - INFO - Using real FTMS devices
2026-03-31 07:13:44,346 - web - INFO - Flask application initialized. FTMS manager created.
2026-03-31 07:13:44,346 - web - INFO - Starting background asyncio loop thread...
2026-03-31 07:13:44,346 - web - INFO - Background thread started. Creating new event loop.
2026-03-31 07:13:44,346 - web - INFO - Background asyncio loop thread start initiated.
2026-03-31 07:13:44,347 - web - INFO - Starting background asyncio event loop run_forever.
2026-03-31 07:15:21,912 - web - INFO - Initializing FTMSDeviceManager with use_simulator=False, device_type=bike
2026-03-31 07:15:21,912 - web - INFO - Using real FTMS devices
2026-03-31 07:15:21,912 - web - INFO - Flask application initialized. FTMS manager created.
2026-03-31 07:15:21,914 - web - INFO - Starting background asyncio loop thread...
2026-03-31 07:15:21,914 - web - INFO - Background thread started. Creating new event loop.
2026-03-31 07:15:21,914 - web - INFO - Background asyncio loop thread start initiated.
2026-03-31 07:15:21,927 - web - INFO - Starting background asyncio event loop run_forever.
2026-03-31 11:16:54,391 - web - INFO - Initializing FTMSDeviceManager with use_simulator=False, device_type=bike
2026-03-31 11:16:54,392 - web - INFO - Using real FTMS devices
2026-03-31 11:16:54,393 - web - INFO - Flask application initialized. FTMS manager created.
2026-03-31 11:16:54,393 - web - INFO - Starting background asyncio loop thread...
2026-03-31 11:16:54,393 - web - INFO - Background thread started. Creating new event loop.
2026-03-31 11:16:54,393 - web - INFO - Background asyncio loop thread start initiated.
2026-03-31 11:16:54,395 - web - INFO - Starting background asyncio event loop run_forever.
2026-03-31 11:16:55,219 - web - INFO - Initializing FTMSDeviceManager with use_simulator=False, device_type=bike
2026-03-31 11:16:55,220 - web - INFO - Using real FTMS devices
2026-03-31 11:16:55,221 - web - INFO - Flask application initialized. FTMS manager created.
2026-03-31 11:16:55,221 - web - INFO - Starting background asyncio loop thread...
2026-03-31 11:16:55,221 - web - INFO - Background thread started. Creating new event loop.
2026-03-31 11:16:55,222 - web - INFO - Background asyncio loop thread start initiated.
2026-03-31 11:16:55,224 - web - INFO - Starting background asyncio event loop run_forever.
